Archive member included to satisfy reference by file (symbol)

/home/root/smi_trigger-main/libs//libsmi.a(rpi_smi_j.o)
                              /tmp/ccwjQj9b.o (smi_terminate)
/home/root/smi_trigger-main/libs//libsmi.a(rpi_mem_j.o)
                              /home/root/smi_trigger-main/libs//libsmi.a(rpi_smi_j.o) (close_mbox)
/home/root/smi_trigger-main/libs//libutildbg.a(utildbg.o)
                              /tmp/ccwjQj9b.o (jlog)

Merging program properties


Discarded input sections

 .note.GNU-stack
                0x0000000000000000        0x0 /usr/lib/gcc/aarch64-poky-linux/11.2.0/../../../Scrt1.o
 .note.gnu.property
                0x0000000000000000       0x20 /usr/lib/gcc/aarch64-poky-linux/11.2.0/../../../crti.o
 .note.GNU-stack
                0x0000000000000000        0x0 /usr/lib/gcc/aarch64-poky-linux/11.2.0/../../../crti.o
 .note.GNU-stack
                0x0000000000000000        0x0 /usr/lib/gcc/aarch64-poky-linux/11.2.0/../../../aarch64-poky-linux/11.2.0/crtbeginS.o
 .note.gnu.property
                0x0000000000000000       0x20 /usr/lib/gcc/aarch64-poky-linux/11.2.0/../../../aarch64-poky-linux/11.2.0/crtbeginS.o
 .note.GNU-stack
                0x0000000000000000        0x0 /tmp/ccwjQj9b.o
 .note.gnu.property
                0x0000000000000000       0x20 /tmp/ccwjQj9b.o
 .note.GNU-stack
                0x0000000000000000        0x0 /home/root/smi_trigger-main/libs//libsmi.a(rpi_smi_j.o)
 .note.gnu.property
                0x0000000000000000       0x20 /home/root/smi_trigger-main/libs//libsmi.a(rpi_smi_j.o)
 .note.GNU-stack
                0x0000000000000000        0x0 /home/root/smi_trigger-main/libs//libsmi.a(rpi_mem_j.o)
 .note.gnu.property
                0x0000000000000000       0x20 /home/root/smi_trigger-main/libs//libsmi.a(rpi_mem_j.o)
 .note.GNU-stack
                0x0000000000000000        0x0 /home/root/smi_trigger-main/libs//libutildbg.a(utildbg.o)
 .note.gnu.property
                0x0000000000000000       0x20 /home/root/smi_trigger-main/libs//libutildbg.a(utildbg.o)
 .note.GNU-stack
                0x0000000000000000        0x0 /usr/lib/gcc/aarch64-poky-linux/11.2.0/../../../aarch64-poky-linux/11.2.0/crtendS.o
 .note.gnu.property
                0x0000000000000000       0x20 /usr/lib/gcc/aarch64-poky-linux/11.2.0/../../../aarch64-poky-linux/11.2.0/crtendS.o
 .note.gnu.property
                0x0000000000000000       0x20 /usr/lib/gcc/aarch64-poky-linux/11.2.0/../../../crtn.o
 .note.GNU-stack
                0x0000000000000000        0x0 /usr/lib/gcc/aarch64-poky-linux/11.2.0/../../../crtn.o

Memory Configuration

Name             Origin             Length             Attributes
*default*        0x0000000000000000 0xffffffffffffffff

Linker script and memory map

LOAD /usr/lib/gcc/aarch64-poky-linux/11.2.0/../../../Scrt1.o
LOAD /usr/lib/gcc/aarch64-poky-linux/11.2.0/../../../crti.o
LOAD /usr/lib/gcc/aarch64-poky-linux/11.2.0/../../../aarch64-poky-linux/11.2.0/crtbeginS.o
LOAD /tmp/ccwjQj9b.o
LOAD /home/root/smi_trigger-main/libs//liblcdcli.a
LOAD /home/root/smi_trigger-main/libs//libjtimer.a
LOAD /home/root/smi_trigger-main/libs//libsmi.a
LOAD /usr/lib/gcc/aarch64-poky-linux/11.2.0/../../../libpthread.so
LOAD /usr/lib/gcc/aarch64-poky-linux/11.2.0/../../../libm.so
LOAD /usr/lib/gcc/aarch64-poky-linux/11.2.0/../../../librt.so
LOAD /home/root/smi_trigger-main/libs//libutildbg.a
LOAD /usr/lib/gcc/aarch64-poky-linux/11.2.0/../../../aarch64-poky-linux/11.2.0/libgcc.a
LOAD /lib/libgcc_s.so
START GROUP
LOAD /lib/libgcc_s.so.1
LOAD /usr/lib/gcc/aarch64-poky-linux/11.2.0/../../../aarch64-poky-linux/11.2.0/libgcc.a
END GROUP
LOAD /usr/lib/gcc/aarch64-poky-linux/11.2.0/../../../libc.so
START GROUP
LOAD /lib/libc.so.6
LOAD /usr/lib/libc_nonshared.a
LOAD /lib/ld-linux-aarch64.so.1
END GROUP
LOAD /usr/lib/gcc/aarch64-poky-linux/11.2.0/../../../aarch64-poky-linux/11.2.0/libgcc.a
LOAD /lib/libgcc_s.so
START GROUP
LOAD /lib/libgcc_s.so.1
LOAD /usr/lib/gcc/aarch64-poky-linux/11.2.0/../../../aarch64-poky-linux/11.2.0/libgcc.a
END GROUP
LOAD /usr/lib/gcc/aarch64-poky-linux/11.2.0/../../../aarch64-poky-linux/11.2.0/crtendS.o
LOAD /usr/lib/gcc/aarch64-poky-linux/11.2.0/../../../crtn.o
                [!provide]                        PROVIDE (__executable_start = SEGMENT_START ("text-segment", 0x0))
                0x00000000000002a8                . = (SEGMENT_START ("text-segment", 0x0) + SIZEOF_HEADERS)

.interp         0x00000000000002a8       0x1b
 *(.interp)
 .interp        0x00000000000002a8       0x1b /usr/lib/gcc/aarch64-poky-linux/11.2.0/../../../Scrt1.o

.note.gnu.property
                0x00000000000002c8       0x20
 .note.gnu.property
                0x00000000000002c8       0x20 /usr/lib/gcc/aarch64-poky-linux/11.2.0/../../../Scrt1.o

.note.gnu.build-id
                0x00000000000002e8       0x24
 *(.note.gnu.build-id)
 .note.gnu.build-id
                0x00000000000002e8       0x24 /usr/lib/gcc/aarch64-poky-linux/11.2.0/../../../Scrt1.o

.note.ABI-tag   0x000000000000030c       0x20
 .note.ABI-tag  0x000000000000030c       0x20 /usr/lib/gcc/aarch64-poky-linux/11.2.0/../../../Scrt1.o

.hash
 *(.hash)

.gnu.hash       0x0000000000000330       0x1c
 *(.gnu.hash)
 .gnu.hash      0x0000000000000330       0x1c /usr/lib/gcc/aarch64-poky-linux/11.2.0/../../../Scrt1.o

.dynsym         0x0000000000000350      0x540
 *(.dynsym)
 .dynsym        0x0000000000000350      0x540 /usr/lib/gcc/aarch64-poky-linux/11.2.0/../../../Scrt1.o

.dynstr         0x0000000000000890      0x227
 *(.dynstr)
 .dynstr        0x0000000000000890      0x227 /usr/lib/gcc/aarch64-poky-linux/11.2.0/../../../Scrt1.o

.gnu.version    0x0000000000000ab8       0x70
 *(.gnu.version)
 .gnu.version   0x0000000000000ab8       0x70 /usr/lib/gcc/aarch64-poky-linux/11.2.0/../../../Scrt1.o

.gnu.version_d  0x0000000000000b28        0x0
 *(.gnu.version_d)
 .gnu.version_d
                0x0000000000000b28        0x0 /usr/lib/gcc/aarch64-poky-linux/11.2.0/../../../Scrt1.o

.gnu.version_r  0x0000000000000b28       0x40
 *(.gnu.version_r)
 .gnu.version_r
                0x0000000000000b28       0x40 /usr/lib/gcc/aarch64-poky-linux/11.2.0/../../../Scrt1.o

.rela.dyn       0x0000000000000b68      0x210
 *(.rela.init)
 *(.rela.text .rela.text.* .rela.gnu.linkonce.t.*)
 *(.rela.fini)
 *(.rela.rodata .rela.rodata.* .rela.gnu.linkonce.r.*)
 *(.rela.data .rela.data.* .rela.gnu.linkonce.d.*)
 .rela.data.rel.ro
                0x0000000000000b68        0x0 /usr/lib/gcc/aarch64-poky-linux/11.2.0/../../../Scrt1.o
 .rela.data.rel.local
                0x0000000000000b68      0x138 /usr/lib/gcc/aarch64-poky-linux/11.2.0/../../../Scrt1.o
 *(.rela.tdata .rela.tdata.* .rela.gnu.linkonce.td.*)
 *(.rela.tbss .rela.tbss.* .rela.gnu.linkonce.tb.*)
 *(.rela.ctors)
 *(.rela.dtors)
 *(.rela.got)
 .rela.got      0x0000000000000ca0       0xa8 /usr/lib/gcc/aarch64-poky-linux/11.2.0/../../../Scrt1.o
 *(.rela.bss .rela.bss.* .rela.gnu.linkonce.b.*)
 .rela.bss      0x0000000000000d48        0x0 /usr/lib/gcc/aarch64-poky-linux/11.2.0/../../../Scrt1.o
 *(.rela.ifunc)
 .rela.ifunc    0x0000000000000d48        0x0 /usr/lib/gcc/aarch64-poky-linux/11.2.0/../../../Scrt1.o
 .rela.fini_array
                0x0000000000000d48       0x18 /usr/lib/gcc/aarch64-poky-linux/11.2.0/../../../Scrt1.o
 .rela.init_array
                0x0000000000000d60       0x18 /usr/lib/gcc/aarch64-poky-linux/11.2.0/../../../Scrt1.o

.rela.plt       0x0000000000000d78      0x498
 *(.rela.plt)
 .rela.plt      0x0000000000000d78      0x498 /usr/lib/gcc/aarch64-poky-linux/11.2.0/../../../Scrt1.o
 *(.rela.iplt)

.init           0x0000000000001210       0x1c
 *(SORT_NONE(.init))
 .init          0x0000000000001210       0x10 /usr/lib/gcc/aarch64-poky-linux/11.2.0/../../../crti.o
                0x0000000000001210                _init
 .init          0x0000000000001220        0xc /usr/lib/gcc/aarch64-poky-linux/11.2.0/../../../crtn.o

.plt            0x0000000000001230      0x330
 *(.plt)
 .plt           0x0000000000001230      0x330 /usr/lib/gcc/aarch64-poky-linux/11.2.0/../../../Scrt1.o
 *(.iplt)

.text           0x0000000000001580     0x50fc
 *(.text.unlikely .text.*_unlikely .text.unlikely.*)
 *(.text.exit .text.exit.*)
 *(.text.startup .text.startup.*)
 *(.text.hot .text.hot.*)
 *(SORT_BY_NAME(.text.sorted.*))
 *(.text .stub .text.* .gnu.linkonce.t.*)
 .text          0x0000000000001580       0x34 /usr/lib/gcc/aarch64-poky-linux/11.2.0/../../../Scrt1.o
                0x0000000000001580                _start
 .text          0x00000000000015b4       0x14 /usr/lib/gcc/aarch64-poky-linux/11.2.0/../../../crti.o
 *fill*         0x00000000000015c8        0x8 1f2003d5
 .text          0x00000000000015d0       0xc8 /usr/lib/gcc/aarch64-poky-linux/11.2.0/../../../aarch64-poky-linux/11.2.0/crtbeginS.o
 .text          0x0000000000001698      0xd1c /tmp/ccwjQj9b.o
                0x0000000000001698                set_current_gain_buffer
                0x00000000000017b0                set_test_pattern
                0x0000000000001ab0                main
 .text          0x00000000000023b4     0x27c8 /home/root/smi_trigger-main/libs//libsmi.a(rpi_smi_j.o)
                0x00000000000023b4                rgb_txdata
                0x00000000000024ec                ul_rgb_txdata
                0x0000000000002628                map_segment_ul
                0x0000000000002730                map_segment
                0x0000000000002818                unmap_segment
                0x000000000000287c                map_periph
                0x0000000000002928                unmap_periph_mem
                0x0000000000002a90                get_periph_virt_addr_by_mmap
                0x0000000000002b54                test_mmap_gpio_regs
                0x0000000000002b8c                map_devices
                0x0000000000002c30                enable_dma
                0x0000000000002ca8                gpio_mode
                0x0000000000002d78                init_smi
                0x00000000000031c8                set_gpio_smi_mode
                0x000000000000321c                setup_smi_dma
                0x00000000000033d4                start_dma
                0x00000000000034b4                stop_dma
                0x0000000000003504                rpi_start_dma
                0x0000000000003544                start_smi
                0x0000000000003584                stop_smi
                0x00000000000035d0                dma_transfer_len
                0x0000000000003608                dma_active
                0x0000000000003640                swap_bytes
                0x00000000000036bc                smi_terminate
                0x0000000000003894                get_icled_timing_type
                0x00000000000038a8                get_icled_bits_per_pixel
                0x00000000000038bc                init_rpi_smi
                0x0000000000003d14                rpi_set_smi_chan_led_count
                0x0000000000003d3c                rpi_set_smi_buffer_24bit
                0x0000000000003e8c                rpi_set_smi_buffer_48bit
                0x0000000000003fdc                set_test_buffer_48bit
                0x00000000000041a8                set_test_buffer_24bit
                0x00000000000041c0                rpi_test_smi_rgb_buffer
                0x00000000000041cc                rpi_start_smi
 .text          0x0000000000004b7c      0x794 /home/root/smi_trigger-main/libs//libsmi.a(rpi_mem_j.o)
                0x0000000000004b7c                open_mbox
                0x0000000000004bc4                close_mbox
                0x0000000000004bf8                disp_vc_msg
                0x0000000000004cd4                msg_mbox
                0x0000000000004e2c                alloc_vc_mem
                0x0000000000004ed0                lock_vc_mem
                0x0000000000004f54                unlock_vc_mem
                0x0000000000004fd4                free_vc_mem
                0x0000000000005054                map_uncached_mem
 .text          0x0000000000005310     0x136c /home/root/smi_trigger-main/libs//libutildbg.a(utildbg.o)
                0x0000000000005310                check_log_file
                0x000000000000537c                parser_ignore_tag
                0x0000000000005448                parser_show_tag
                0x0000000000005514                parser_log_level
                0x0000000000005954                log_set_udata
                0x000000000000597c                log_set_lock
                0x00000000000059a4                log_set_fp
                0x00000000000059cc                log_set_level
                0x00000000000059f4                log_set_quiet
                0x0000000000005a2c                jlog
                0x0000000000005d18                lock_callback
                0x0000000000005d5c                renew_log_file
                0x0000000000006090                log_init
                0x00000000000064bc                dump_memory_data
                0x0000000000006574                popen_cmd
                0x00000000000065d4                detect_screen
 .text          0x000000000000667c        0x0 /usr/lib/gcc/aarch64-poky-linux/11.2.0/../../../aarch64-poky-linux/11.2.0/crtendS.o
 .text          0x000000000000667c        0x0 /usr/lib/gcc/aarch64-poky-linux/11.2.0/../../../crtn.o
 *(.gnu.warning)

.fini           0x000000000000667c       0x18
 *(SORT_NONE(.fini))
 .fini          0x000000000000667c        0xc /usr/lib/gcc/aarch64-poky-linux/11.2.0/../../../crti.o
                0x000000000000667c                _fini
 .fini          0x0000000000006688        0xc /usr/lib/gcc/aarch64-poky-linux/11.2.0/../../../crtn.o
                [!provide]                        PROVIDE (__etext = .)
                [!provide]                        PROVIDE (_etext = .)
                [!provide]                        PROVIDE (etext = .)

.rodata         0x0000000000006698      0xf29
 *(.rodata .rodata.* .gnu.linkonce.r.*)
 .rodata.cst4   0x0000000000006698        0x4 /usr/lib/gcc/aarch64-poky-linux/11.2.0/../../../Scrt1.o
                0x0000000000006698                _IO_stdin_used
 *fill*         0x000000000000669c        0x4 
 .rodata        0x00000000000066a0      0x4c5 /tmp/ccwjQj9b.o
 *fill*         0x0000000000006b65        0x3 
 .rodata        0x0000000000006b68      0x4f8 /home/root/smi_trigger-main/libs//libsmi.a(rpi_smi_j.o)
 .rodata        0x0000000000007060      0x196 /home/root/smi_trigger-main/libs//libsmi.a(rpi_mem_j.o)
 *fill*         0x00000000000071f6        0x2 
 .rodata        0x00000000000071f8      0x3c9 /home/root/smi_trigger-main/libs//libutildbg.a(utildbg.o)

.rodata1
 *(.rodata1)

.eh_frame_hdr   0x00000000000075c4      0x23c
 *(.eh_frame_hdr)
 .eh_frame_hdr  0x00000000000075c4      0x23c /usr/lib/gcc/aarch64-poky-linux/11.2.0/../../../Scrt1.o
                0x00000000000075c4                __GNU_EH_FRAME_HDR
 *(.eh_frame_entry .eh_frame_entry.*)

.eh_frame       0x0000000000007800      0x8c8
 *(.eh_frame)
 .eh_frame      0x0000000000007800       0x28 /usr/lib/gcc/aarch64-poky-linux/11.2.0/../../../Scrt1.o
 .eh_frame      0x0000000000007828       0x68 /usr/lib/gcc/aarch64-poky-linux/11.2.0/../../../aarch64-poky-linux/11.2.0/crtbeginS.o
                                         0x78 (size before relaxing)
 .eh_frame      0x0000000000007890       0x70 /tmp/ccwjQj9b.o
                                         0x80 (size before relaxing)
 .eh_frame      0x0000000000007900      0x410 /home/root/smi_trigger-main/libs//libsmi.a(rpi_smi_j.o)
                                        0x420 (size before relaxing)
 .eh_frame      0x0000000000007d10      0x148 /home/root/smi_trigger-main/libs//libsmi.a(rpi_mem_j.o)
                                        0x158 (size before relaxing)
 .eh_frame      0x0000000000007e58      0x26c /home/root/smi_trigger-main/libs//libutildbg.a(utildbg.o)
                                        0x280 (size before relaxing)
 .eh_frame      0x00000000000080c4        0x4 /usr/lib/gcc/aarch64-poky-linux/11.2.0/../../../aarch64-poky-linux/11.2.0/crtendS.o
 *(.eh_frame.*)

.gcc_except_table
 *(.gcc_except_table .gcc_except_table.*)

.gnu_extab
 *(.gnu_extab*)

.exception_ranges
 *(.exception_ranges*)
                0x0000000000018d78                . = DATA_SEGMENT_ALIGN (CONSTANT (MAXPAGESIZE), CONSTANT (COMMONPAGESIZE))

.eh_frame
 *(.eh_frame)
 *(.eh_frame.*)

.gnu_extab
 *(.gnu_extab)

.gcc_except_table
 *(.gcc_except_table .gcc_except_table.*)

.exception_ranges
 *(.exception_ranges*)

.tdata          0x0000000000018d78        0x0
                [!provide]                        PROVIDE (__tdata_start = .)
 *(.tdata .tdata.* .gnu.linkonce.td.*)

.tbss
 *(.tbss .tbss.* .gnu.linkonce.tb.*)
 *(.tcommon)

.preinit_array  0x0000000000018d78        0x0
                [!provide]                        PROVIDE (__preinit_array_start = .)
 *(.preinit_array)
                [!provide]                        PROVIDE (__preinit_array_end = .)

.init_array     0x0000000000018d78        0x8
                [!provide]                        PROVIDE (__init_array_start = .)
 *(SORT_BY_INIT_PRIORITY(.init_array.*) SORT_BY_INIT_PRIORITY(.ctors.*))
 *(.init_array EXCLUDE_FILE(*crtend?.o *crtend.o *crtbegin?.o *crtbegin.o) .ctors)
 .init_array    0x0000000000018d78        0x8 /usr/lib/gcc/aarch64-poky-linux/11.2.0/../../../aarch64-poky-linux/11.2.0/crtbeginS.o
                [!provide]                        PROVIDE (__init_array_end = .)

.fini_array     0x0000000000018d80        0x8
                [!provide]                        PROVIDE (__fini_array_start = .)
 *(SORT_BY_INIT_PRIORITY(.fini_array.*) SORT_BY_INIT_PRIORITY(.dtors.*))
 *(.fini_array EXCLUDE_FILE(*crtend?.o *crtend.o *crtbegin?.o *crtbegin.o) .dtors)
 .fini_array    0x0000000000018d80        0x8 /usr/lib/gcc/aarch64-poky-linux/11.2.0/../../../aarch64-poky-linux/11.2.0/crtbeginS.o
                [!provide]                        PROVIDE (__fini_array_end = .)

.ctors
 *crtbegin.o(.ctors)
 *crtbegin?.o(.ctors)
 *(EXCLUDE_FILE(*crtend?.o *crtend.o) .ctors)
 *(SORT_BY_NAME(.ctors.*))
 *(.ctors)

.dtors
 *crtbegin.o(.dtors)
 *crtbegin?.o(.dtors)
 *(EXCLUDE_FILE(*crtend?.o *crtend.o) .dtors)
 *(SORT_BY_NAME(.dtors.*))
 *(.dtors)

.jcr
 *(.jcr)

.data.rel.ro    0x0000000000018d88        0x0
 *(.data.rel.ro.local* .gnu.linkonce.d.rel.ro.local.*)
 *(.data.rel.ro .data.rel.ro.* .gnu.linkonce.d.rel.ro.*)
 .data.rel.ro   0x0000000000018d88        0x0 /usr/lib/gcc/aarch64-poky-linux/11.2.0/../../../Scrt1.o

.dynamic        0x0000000000018d88      0x220
 *(.dynamic)
 .dynamic       0x0000000000018d88      0x220 /usr/lib/gcc/aarch64-poky-linux/11.2.0/../../../Scrt1.o
                0x0000000000018d88                _DYNAMIC

.got            0x0000000000018fa8       0x40
 *(.got)
 .got           0x0000000000018fa8       0x40 /usr/lib/gcc/aarch64-poky-linux/11.2.0/../../../Scrt1.o
                0x0000000000018fa8                _GLOBAL_OFFSET_TABLE_
 *(.igot)
                0x0000000000018fe8                . = DATA_SEGMENT_RELRO_END (., 0x18)

.got.plt        0x0000000000018fe8      0x1a0
 *(.got.plt)
 .got.plt       0x0000000000018fe8      0x1a0 /usr/lib/gcc/aarch64-poky-linux/11.2.0/../../../Scrt1.o
 *(.igot.plt)

.data           0x0000000000019188       0xc8
                [!provide]                        PROVIDE (__data_start = .)
 *(.data .data.* .gnu.linkonce.d.*)
 .data          0x0000000000019188        0x4 /usr/lib/gcc/aarch64-poky-linux/11.2.0/../../../Scrt1.o
                0x0000000000019188                data_start
                0x0000000000019188                __data_start
 .data          0x000000000001918c        0x0 /usr/lib/gcc/aarch64-poky-linux/11.2.0/../../../crti.o
 .data          0x000000000001918c        0x0 /usr/lib/gcc/aarch64-poky-linux/11.2.0/../../../aarch64-poky-linux/11.2.0/crtbeginS.o
 *fill*         0x000000000001918c        0x4 
 .data.rel.local
                0x0000000000019190        0x8 /usr/lib/gcc/aarch64-poky-linux/11.2.0/../../../aarch64-poky-linux/11.2.0/crtbeginS.o
                0x0000000000019190                __dso_handle
 .data          0x0000000000019198        0x0 /tmp/ccwjQj9b.o
 .data          0x0000000000019198       0x58 /home/root/smi_trigger-main/libs//libsmi.a(rpi_smi_j.o)
                0x0000000000019198                chan_ledcount
                0x000000000001919c                i_icled_bits_per_pixel
                0x00000000000191a0                i_icled_smi_timing_type
                0x00000000000191a8                on_rgbs
                0x00000000000191e8                i_cg_signal_bytes
                0x00000000000191ec                i_reset_signal_bytes
 .data          0x00000000000191f0        0x0 /home/root/smi_trigger-main/libs//libsmi.a(rpi_mem_j.o)
 .data          0x00000000000191f0        0x0 /home/root/smi_trigger-main/libs//libutildbg.a(utildbg.o)
 .data.rel.local
                0x00000000000191f0       0x60 /home/root/smi_trigger-main/libs//libutildbg.a(utildbg.o)
 .data          0x0000000000019250        0x0 /usr/lib/gcc/aarch64-poky-linux/11.2.0/../../../aarch64-poky-linux/11.2.0/crtendS.o
 .data          0x0000000000019250        0x0 /usr/lib/gcc/aarch64-poky-linux/11.2.0/../../../crtn.o

.tm_clone_table
                0x0000000000019250        0x0
 .tm_clone_table
                0x0000000000019250        0x0 /usr/lib/gcc/aarch64-poky-linux/11.2.0/../../../aarch64-poky-linux/11.2.0/crtbeginS.o
 .tm_clone_table
                0x0000000000019250        0x0 /usr/lib/gcc/aarch64-poky-linux/11.2.0/../../../aarch64-poky-linux/11.2.0/crtendS.o

.data1
 *(.data1)
                0x0000000000019250                _edata = .
                [!provide]                        PROVIDE (edata = .)
                0x0000000000019250                . = .
                0x0000000000019250                __bss_start = .
                0x0000000000019250                __bss_start__ = .

.bss            0x0000000000019250    0xc87c8
 *(.dynbss)
 .dynbss        0x0000000000019250        0x0 /usr/lib/gcc/aarch64-poky-linux/11.2.0/../../../Scrt1.o
 *(.bss .bss.* .gnu.linkonce.b.*)
 .bss           0x0000000000019250        0x0 /usr/lib/gcc/aarch64-poky-linux/11.2.0/../../../Scrt1.o
 .bss           0x0000000000019250        0x0 /usr/lib/gcc/aarch64-poky-linux/11.2.0/../../../crti.o
 .bss           0x0000000000019250        0x1 /usr/lib/gcc/aarch64-poky-linux/11.2.0/../../../aarch64-poky-linux/11.2.0/crtbeginS.o
 *fill*         0x0000000000019251        0x7 
 .bss           0x0000000000019258    0x2ee00 /tmp/ccwjQj9b.o
                0x0000000000019258                ul_rgb_data
                0x0000000000038658                ui_rgb_data
 .bss           0x0000000000048058    0x9885c /home/root/smi_trigger-main/libs//libsmi.a(rpi_smi_j.o)
                0x0000000000048058                test_rgb_data
                0x0000000000057a58                test_ul_rgb_data
                0x0000000000076e58                off_rgbs
                0x0000000000076e98                gpio_regs
                0x0000000000076ec8                dma_regs
                0x0000000000076ef8                clk_regs
                0x0000000000076f28                pwm_regs
                0x0000000000076f58                smi_regs
                0x0000000000076f88                kclk_regs
                0x0000000000076fb8                vc_mem
                0x0000000000076fe8                smi_cs
                0x0000000000076ff0                smi_l
                0x0000000000076ff8                smi_a
                0x0000000000077000                smi_d
                0x0000000000077008                smi_dmc
                0x0000000000077010                smi_dsr
                0x0000000000077018                smi_dsw
                0x0000000000077020                smi_dcs
                0x0000000000077028                smi_dca
                0x0000000000077030                smi_dcd
                0x0000000000077038                txdata
                0x0000000000077040                tx_buf_w_index
                0x0000000000077044                tx_buf_r_index
                0x0000000000077048                tx_buffer_24bit
                0x000000000009a308                tx_buffer_48bit
                0x00000000000e0818                apa_m_gain
                0x00000000000e0848                smi_start
                0x00000000000e0850                smi_lock
                0x00000000000e0880                mem_lock
                0x00000000000e08b0                smi_quit
 .bss           0x00000000000e08b4        0x0 /home/root/smi_trigger-main/libs//libsmi.a(rpi_mem_j.o)
 *fill*         0x00000000000e08b4        0x4 
 .bss           0x00000000000e08b8     0x1160 /home/root/smi_trigger-main/libs//libutildbg.a(utildbg.o)
                0x00000000000e08b8                ignore_tag
                0x00000000000e10b8                show_tag
 .bss           0x00000000000e1a18        0x0 /usr/lib/gcc/aarch64-poky-linux/11.2.0/../../../aarch64-poky-linux/11.2.0/crtendS.o
 .bss           0x00000000000e1a18        0x0 /usr/lib/gcc/aarch64-poky-linux/11.2.0/../../../crtn.o
 *(COMMON)
                0x00000000000e1a18                . = ALIGN ((. != 0x0)?0x8:0x1)
                0x00000000000e1a18                _bss_end__ = .
                0x00000000000e1a18                __bss_end__ = .
                0x00000000000e1a18                . = ALIGN (0x8)
                0x00000000000e1a18                . = SEGMENT_START ("ldata-segment", .)
                0x00000000000e1a18                . = ALIGN (0x8)
                0x00000000000e1a18                __end__ = .
                0x00000000000e1a18                _end = .
                [!provide]                        PROVIDE (end = .)
                0x00000000000e1a18                . = DATA_SEGMENT_END (.)

.stab
 *(.stab)

.stabstr
 *(.stabstr)

.stab.excl
 *(.stab.excl)

.stab.exclstr
 *(.stab.exclstr)

.stab.index
 *(.stab.index)

.stab.indexstr
 *(.stab.indexstr)

.comment        0x0000000000000000       0x12
 *(.comment)
 .comment       0x0000000000000000       0x12 /usr/lib/gcc/aarch64-poky-linux/11.2.0/../../../Scrt1.o
                                         0x26 (size before relaxing)
 .comment       0x0000000000000012       0x13 /usr/lib/gcc/aarch64-poky-linux/11.2.0/../../../aarch64-poky-linux/11.2.0/crtbeginS.o
 .comment       0x0000000000000012       0x13 /tmp/ccwjQj9b.o
 .comment       0x0000000000000012       0x13 /home/root/smi_trigger-main/libs//libsmi.a(rpi_smi_j.o)
 .comment       0x0000000000000012       0x13 /home/root/smi_trigger-main/libs//libsmi.a(rpi_mem_j.o)
 .comment       0x0000000000000012       0x13 /home/root/smi_trigger-main/libs//libutildbg.a(utildbg.o)
 .comment       0x0000000000000012       0x13 /usr/lib/gcc/aarch64-poky-linux/11.2.0/../../../aarch64-poky-linux/11.2.0/crtendS.o

.gnu.build.attributes
 *(.gnu.build.attributes .gnu.build.attributes.*)

.debug
 *(.debug)

.line
 *(.line)

.debug_srcinfo
 *(.debug_srcinfo)

.debug_sfnames
 *(.debug_sfnames)

.debug_aranges  0x0000000000000000      0x100
 *(.debug_aranges)
 .debug_aranges
                0x0000000000000000       0x70 /usr/lib/gcc/aarch64-poky-linux/11.2.0/../../../Scrt1.o
 .debug_aranges
                0x0000000000000070       0x50 /usr/lib/gcc/aarch64-poky-linux/11.2.0/../../../crti.o
 .debug_aranges
                0x00000000000000c0       0x40 /usr/lib/gcc/aarch64-poky-linux/11.2.0/../../../crtn.o

.debug_pubnames
 *(.debug_pubnames)

.debug_info     0x0000000000000000      0x585
 *(.debug_info .gnu.linkonce.wi.*)
 .debug_info    0x0000000000000000      0x53f /usr/lib/gcc/aarch64-poky-linux/11.2.0/../../../Scrt1.o
 .debug_info    0x000000000000053f       0x23 /usr/lib/gcc/aarch64-poky-linux/11.2.0/../../../crti.o
 .debug_info    0x0000000000000562       0x23 /usr/lib/gcc/aarch64-poky-linux/11.2.0/../../../crtn.o

.debug_abbrev   0x0000000000000000      0x198
 *(.debug_abbrev)
 .debug_abbrev  0x0000000000000000      0x174 /usr/lib/gcc/aarch64-poky-linux/11.2.0/../../../Scrt1.o
 .debug_abbrev  0x0000000000000174       0x12 /usr/lib/gcc/aarch64-poky-linux/11.2.0/../../../crti.o
 .debug_abbrev  0x0000000000000186       0x12 /usr/lib/gcc/aarch64-poky-linux/11.2.0/../../../crtn.o

.debug_line     0x0000000000000000      0x1e9
 *(.debug_line .debug_line.* .debug_line_end)
 .debug_line    0x0000000000000000      0x107 /usr/lib/gcc/aarch64-poky-linux/11.2.0/../../../Scrt1.o
 .debug_line    0x0000000000000107       0x7e /usr/lib/gcc/aarch64-poky-linux/11.2.0/../../../crti.o
 .debug_line    0x0000000000000185       0x64 /usr/lib/gcc/aarch64-poky-linux/11.2.0/../../../crtn.o

.debug_frame
 *(.debug_frame)

.debug_str      0x0000000000000000      0x46b
 *(.debug_str)
 .debug_str     0x0000000000000000      0x437 /usr/lib/gcc/aarch64-poky-linux/11.2.0/../../../Scrt1.o
                                        0x5ab (size before relaxing)
 .debug_str     0x0000000000000437       0x1a /usr/lib/gcc/aarch64-poky-linux/11.2.0/../../../crti.o
                                         0x4b (size before relaxing)
 .debug_str     0x0000000000000451       0x1a /usr/lib/gcc/aarch64-poky-linux/11.2.0/../../../crtn.o
                                         0x4b (size before relaxing)

.debug_loc
 *(.debug_loc)

.debug_macinfo
 *(.debug_macinfo)

.debug_weaknames
 *(.debug_weaknames)

.debug_funcnames
 *(.debug_funcnames)

.debug_typenames
 *(.debug_typenames)

.debug_varnames
 *(.debug_varnames)

.debug_pubtypes
 *(.debug_pubtypes)

.debug_ranges
 *(.debug_ranges)

.debug_addr
 *(.debug_addr)

.debug_line_str
                0x0000000000000000      0x10b
 *(.debug_line_str)
 .debug_line_str
                0x0000000000000000       0xfd /usr/lib/gcc/aarch64-poky-linux/11.2.0/../../../Scrt1.o
                                        0x1bd (size before relaxing)
 .debug_line_str
                0x00000000000000fd        0x7 /usr/lib/gcc/aarch64-poky-linux/11.2.0/../../../crti.o
                                         0x46 (size before relaxing)
 .debug_line_str
                0x0000000000000104        0x7 /usr/lib/gcc/aarch64-poky-linux/11.2.0/../../../crtn.o
                                         0x46 (size before relaxing)

.debug_loclists
 *(.debug_loclists)

.debug_macro
 *(.debug_macro)

.debug_names
 *(.debug_names)

.debug_rnglists
                0x0000000000000000       0x4c
 *(.debug_rnglists)
 .debug_rnglists
                0x0000000000000000       0x2b /usr/lib/gcc/aarch64-poky-linux/11.2.0/../../../crti.o
 .debug_rnglists
                0x000000000000002b       0x21 /usr/lib/gcc/aarch64-poky-linux/11.2.0/../../../crtn.o

.debug_str_offsets
 *(.debug_str_offsets)

.debug_sup
 *(.debug_sup)

.ARM.attributes
 *(.ARM.attributes)
 *(.gnu.attributes)

.note.gnu.arm.ident
 *(.note.gnu.arm.ident)

/DISCARD/
 *(.note.GNU-stack)
 *(.gnu_debuglink)
 *(.gnu.lto_*)
OUTPUT(../prog/smi_trigger elf64-littleaarch64)
LOAD linker stubs
