Archive member included to satisfy reference by file (symbol)

/home/root/sandbox/smi_trigger/libs//libsmi.a(rpi_smi_j.o)
                              /tmp/cc93nRJI.o (smi_terminate)
/home/root/sandbox/smi_trigger/libs//libsmi.a(rpi_mem_j.o)
                              /home/root/sandbox/smi_trigger/libs//libsmi.a(rpi_smi_j.o) (close_mbox)
/home/root/sandbox/smi_trigger/libs//libutildbg.a(utildbg.o)
                              /tmp/cc93nRJI.o (jlog)

Merging program properties


Discarded input sections

 .note.GNU-stack
                0x0000000000000000        0x0 /usr/lib/gcc/aarch64-poky-linux/11.2.0/../../../Scrt1.o
 .note.gnu.property
                0x0000000000000000       0x20 /usr/lib/gcc/aarch64-poky-linux/11.2.0/../../../crti.o
 .note.GNU-stack
                0x0000000000000000        0x0 /usr/lib/gcc/aarch64-poky-linux/11.2.0/../../../crti.o
 .note.GNU-stack
                0x0000000000000000        0x0 /usr/lib/gcc/aarch64-poky-linux/11.2.0/../../../aarch64-poky-linux/11.2.0/crtbeginS.o
 .note.gnu.property
                0x0000000000000000       0x20 /usr/lib/gcc/aarch64-poky-linux/11.2.0/../../../aarch64-poky-linux/11.2.0/crtbeginS.o
 .note.GNU-stack
                0x0000000000000000        0x0 /tmp/cc93nRJI.o
 .note.gnu.property
                0x0000000000000000       0x20 /tmp/cc93nRJI.o
 .note.GNU-stack
                0x0000000000000000        0x0 /home/root/sandbox/smi_trigger/libs//libsmi.a(rpi_smi_j.o)
 .note.gnu.property
                0x0000000000000000       0x20 /home/root/sandbox/smi_trigger/libs//libsmi.a(rpi_smi_j.o)
 .note.GNU-stack
                0x0000000000000000        0x0 /home/root/sandbox/smi_trigger/libs//libsmi.a(rpi_mem_j.o)
 .note.gnu.property
                0x0000000000000000       0x20 /home/root/sandbox/smi_trigger/libs//libsmi.a(rpi_mem_j.o)
 .note.GNU-stack
                0x0000000000000000        0x0 /home/root/sandbox/smi_trigger/libs//libutildbg.a(utildbg.o)
 .note.gnu.property
                0x0000000000000000       0x20 /home/root/sandbox/smi_trigger/libs//libutildbg.a(utildbg.o)
 .note.GNU-stack
                0x0000000000000000        0x0 /usr/lib/gcc/aarch64-poky-linux/11.2.0/../../../aarch64-poky-linux/11.2.0/crtendS.o
 .note.gnu.property
                0x0000000000000000       0x20 /usr/lib/gcc/aarch64-poky-linux/11.2.0/../../../aarch64-poky-linux/11.2.0/crtendS.o
 .note.gnu.property
                0x0000000000000000       0x20 /usr/lib/gcc/aarch64-poky-linux/11.2.0/../../../crtn.o
 .note.GNU-stack
                0x0000000000000000        0x0 /usr/lib/gcc/aarch64-poky-linux/11.2.0/../../../crtn.o

Memory Configuration

Name             Origin             Length             Attributes
*default*        0x0000000000000000 0xffffffffffffffff

Linker script and memory map

LOAD /usr/lib/gcc/aarch64-poky-linux/11.2.0/../../../Scrt1.o
LOAD /usr/lib/gcc/aarch64-poky-linux/11.2.0/../../../crti.o
LOAD /usr/lib/gcc/aarch64-poky-linux/11.2.0/../../../aarch64-poky-linux/11.2.0/crtbeginS.o
LOAD /tmp/cc93nRJI.o
LOAD /home/root/sandbox/smi_trigger/libs//liblcdcli.a
LOAD /home/root/sandbox/smi_trigger/libs//libjtimer.a
LOAD /home/root/sandbox/smi_trigger/libs//libsmi.a
LOAD /usr/lib/gcc/aarch64-poky-linux/11.2.0/../../../libpthread.so
LOAD /usr/lib/gcc/aarch64-poky-linux/11.2.0/../../../libm.so
LOAD /usr/lib/gcc/aarch64-poky-linux/11.2.0/../../../librt.so
LOAD /home/root/sandbox/smi_trigger/libs//libutildbg.a
LOAD /usr/lib/gcc/aarch64-poky-linux/11.2.0/../../../aarch64-poky-linux/11.2.0/libgcc.a
LOAD /lib/libgcc_s.so
START GROUP
LOAD /lib/libgcc_s.so.1
LOAD /usr/lib/gcc/aarch64-poky-linux/11.2.0/../../../aarch64-poky-linux/11.2.0/libgcc.a
END GROUP
LOAD /usr/lib/gcc/aarch64-poky-linux/11.2.0/../../../libc.so
START GROUP
LOAD /lib/libc.so.6
LOAD /usr/lib/libc_nonshared.a
LOAD /lib/ld-linux-aarch64.so.1
END GROUP
LOAD /usr/lib/gcc/aarch64-poky-linux/11.2.0/../../../aarch64-poky-linux/11.2.0/libgcc.a
LOAD /lib/libgcc_s.so
START GROUP
LOAD /lib/libgcc_s.so.1
LOAD /usr/lib/gcc/aarch64-poky-linux/11.2.0/../../../aarch64-poky-linux/11.2.0/libgcc.a
END GROUP
LOAD /usr/lib/gcc/aarch64-poky-linux/11.2.0/../../../aarch64-poky-linux/11.2.0/crtendS.o
LOAD /usr/lib/gcc/aarch64-poky-linux/11.2.0/../../../crtn.o
                [!provide]                        PROVIDE (__executable_start = SEGMENT_START ("text-segment", 0x0))
                0x00000000000002a8                . = (SEGMENT_START ("text-segment", 0x0) + SIZEOF_HEADERS)

.interp         0x00000000000002a8       0x1b
 *(.interp)
 .interp        0x00000000000002a8       0x1b /usr/lib/gcc/aarch64-poky-linux/11.2.0/../../../Scrt1.o

.note.gnu.property
                0x00000000000002c8       0x20
 .note.gnu.property
                0x00000000000002c8       0x20 /usr/lib/gcc/aarch64-poky-linux/11.2.0/../../../Scrt1.o

.note.gnu.build-id
                0x00000000000002e8       0x24
 *(.note.gnu.build-id)
 .note.gnu.build-id
                0x00000000000002e8       0x24 /usr/lib/gcc/aarch64-poky-linux/11.2.0/../../../Scrt1.o

.note.ABI-tag   0x000000000000030c       0x20
 .note.ABI-tag  0x000000000000030c       0x20 /usr/lib/gcc/aarch64-poky-linux/11.2.0/../../../Scrt1.o

.hash
 *(.hash)

.gnu.hash       0x0000000000000330       0x1c
 *(.gnu.hash)
 .gnu.hash      0x0000000000000330       0x1c /usr/lib/gcc/aarch64-poky-linux/11.2.0/../../../Scrt1.o

.dynsym         0x0000000000000350      0x540
 *(.dynsym)
 .dynsym        0x0000000000000350      0x540 /usr/lib/gcc/aarch64-poky-linux/11.2.0/../../../Scrt1.o

.dynstr         0x0000000000000890      0x227
 *(.dynstr)
 .dynstr        0x0000000000000890      0x227 /usr/lib/gcc/aarch64-poky-linux/11.2.0/../../../Scrt1.o

.gnu.version    0x0000000000000ab8       0x70
 *(.gnu.version)
 .gnu.version   0x0000000000000ab8       0x70 /usr/lib/gcc/aarch64-poky-linux/11.2.0/../../../Scrt1.o

.gnu.version_d  0x0000000000000b28        0x0
 *(.gnu.version_d)
 .gnu.version_d
                0x0000000000000b28        0x0 /usr/lib/gcc/aarch64-poky-linux/11.2.0/../../../Scrt1.o

.gnu.version_r  0x0000000000000b28       0x40
 *(.gnu.version_r)
 .gnu.version_r
                0x0000000000000b28       0x40 /usr/lib/gcc/aarch64-poky-linux/11.2.0/../../../Scrt1.o

.rela.dyn       0x0000000000000b68      0x210
 *(.rela.init)
 *(.rela.text .rela.text.* .rela.gnu.linkonce.t.*)
 *(.rela.fini)
 *(.rela.rodata .rela.rodata.* .rela.gnu.linkonce.r.*)
 *(.rela.data .rela.data.* .rela.gnu.linkonce.d.*)
 .rela.data.rel.ro
                0x0000000000000b68        0x0 /usr/lib/gcc/aarch64-poky-linux/11.2.0/../../../Scrt1.o
 .rela.data.rel.local
                0x0000000000000b68      0x138 /usr/lib/gcc/aarch64-poky-linux/11.2.0/../../../Scrt1.o
 *(.rela.tdata .rela.tdata.* .rela.gnu.linkonce.td.*)
 *(.rela.tbss .rela.tbss.* .rela.gnu.linkonce.tb.*)
 *(.rela.ctors)
 *(.rela.dtors)
 *(.rela.got)
 .rela.got      0x0000000000000ca0       0xa8 /usr/lib/gcc/aarch64-poky-linux/11.2.0/../../../Scrt1.o
 *(.rela.bss .rela.bss.* .rela.gnu.linkonce.b.*)
 .rela.bss      0x0000000000000d48        0x0 /usr/lib/gcc/aarch64-poky-linux/11.2.0/../../../Scrt1.o
 *(.rela.ifunc)
 .rela.ifunc    0x0000000000000d48        0x0 /usr/lib/gcc/aarch64-poky-linux/11.2.0/../../../Scrt1.o
 .rela.fini_array
                0x0000000000000d48       0x18 /usr/lib/gcc/aarch64-poky-linux/11.2.0/../../../Scrt1.o
 .rela.init_array
                0x0000000000000d60       0x18 /usr/lib/gcc/aarch64-poky-linux/11.2.0/../../../Scrt1.o

.rela.plt       0x0000000000000d78      0x498
 *(.rela.plt)
 .rela.plt      0x0000000000000d78      0x498 /usr/lib/gcc/aarch64-poky-linux/11.2.0/../../../Scrt1.o
 *(.rela.iplt)

.init           0x0000000000001210       0x1c
 *(SORT_NONE(.init))
 .init          0x0000000000001210       0x10 /usr/lib/gcc/aarch64-poky-linux/11.2.0/../../../crti.o
                0x0000000000001210                _init
 .init          0x0000000000001220        0xc /usr/lib/gcc/aarch64-poky-linux/11.2.0/../../../crtn.o

.plt            0x0000000000001230      0x330
 *(.plt)
 .plt           0x0000000000001230      0x330 /usr/lib/gcc/aarch64-poky-linux/11.2.0/../../../Scrt1.o
 *(.iplt)

.text           0x0000000000001580     0x4c38
 *(.text.unlikely .text.*_unlikely .text.unlikely.*)
 *(.text.exit .text.exit.*)
 *(.text.startup .text.startup.*)
 *(.text.hot .text.hot.*)
 *(SORT_BY_NAME(.text.sorted.*))
 *(.text .stub .text.* .gnu.linkonce.t.*)
 .text          0x0000000000001580       0x34 /usr/lib/gcc/aarch64-poky-linux/11.2.0/../../../Scrt1.o
                0x0000000000001580                _start
 .text          0x00000000000015b4       0x14 /usr/lib/gcc/aarch64-poky-linux/11.2.0/../../../crti.o
 *fill*         0x00000000000015c8        0x8 1f2003d5
 .text          0x00000000000015d0       0xc8 /usr/lib/gcc/aarch64-poky-linux/11.2.0/../../../aarch64-poky-linux/11.2.0/crtbeginS.o
 .text          0x0000000000001698      0xccc /tmp/cc93nRJI.o
                0x0000000000001698                set_current_gain_buffer
                0x00000000000017b0                set_test_pattern
                0x0000000000001ac8                main
 .text          0x0000000000002364     0x2354 /home/root/sandbox/smi_trigger/libs//libsmi.a(rpi_smi_j.o)
                0x0000000000002364                rgb_txdata
                0x000000000000249c                ul_rgb_txdata
                0x00000000000025d8                map_segment_ul
                0x00000000000026e0                map_segment
                0x00000000000027c8                unmap_segment
                0x000000000000282c                map_periph
                0x00000000000028d8                unmap_periph_mem
                0x0000000000002a40                get_periph_virt_addr_by_mmap
                0x0000000000002b04                test_mmap_gpio_regs
                0x0000000000002b3c                map_devices
                0x0000000000002be0                enable_dma
                0x0000000000002c58                gpio_mode
                0x0000000000002d28                init_smi
                0x0000000000003178                set_gpio_smi_mode
                0x00000000000031cc                setup_smi_dma
                0x0000000000003334                start_dma
                0x0000000000003414                stop_dma
                0x0000000000003464                rpi_start_dma
                0x00000000000034a4                start_smi
                0x00000000000034e4                stop_smi
                0x0000000000003530                dma_transfer_len
                0x0000000000003568                dma_active
                0x00000000000035a0                swap_bytes
                0x000000000000361c                smi_terminate
                0x00000000000037f4                get_icled_timing_type
                0x0000000000003808                get_icled_bits_per_pixel
                0x000000000000381c                init_rpi_smi
                0x0000000000003bf8                rpi_set_smi_chan_led_count
                0x0000000000003c20                rpi_set_smi_buffer_24bit
                0x0000000000003d70                rpi_set_smi_buffer_48bit
                0x0000000000003ec0                set_test_buffer_48bit
                0x000000000000408c                set_test_buffer_24bit
                0x00000000000040a4                rpi_test_smi_rgb_buffer
                0x00000000000040b0                rpi_start_smi
 .text          0x00000000000046b8      0x794 /home/root/sandbox/smi_trigger/libs//libsmi.a(rpi_mem_j.o)
                0x00000000000046b8                open_mbox
                0x0000000000004700                close_mbox
                0x0000000000004734                disp_vc_msg
                0x0000000000004810                msg_mbox
                0x0000000000004968                alloc_vc_mem
                0x0000000000004a0c                lock_vc_mem
                0x0000000000004a90                unlock_vc_mem
                0x0000000000004b10                free_vc_mem
                0x0000000000004b90                map_uncached_mem
 .text          0x0000000000004e4c     0x136c /home/root/sandbox/smi_trigger/libs//libutildbg.a(utildbg.o)
                0x0000000000004e4c                check_log_file
                0x0000000000004eb8                parser_ignore_tag
                0x0000000000004f84                parser_show_tag
                0x0000000000005050                parser_log_level
                0x0000000000005490                log_set_udata
                0x00000000000054b8                log_set_lock
                0x00000000000054e0                log_set_fp
                0x0000000000005508                log_set_level
                0x0000000000005530                log_set_quiet
                0x0000000000005568                jlog
                0x0000000000005854                lock_callback
                0x0000000000005898                renew_log_file
                0x0000000000005bcc                log_init
                0x0000000000005ff8                dump_memory_data
                0x00000000000060b0                popen_cmd
                0x0000000000006110                detect_screen
 .text          0x00000000000061b8        0x0 /usr/lib/gcc/aarch64-poky-linux/11.2.0/../../../aarch64-poky-linux/11.2.0/crtendS.o
 .text          0x00000000000061b8        0x0 /usr/lib/gcc/aarch64-poky-linux/11.2.0/../../../crtn.o
 *(.gnu.warning)

.fini           0x00000000000061b8       0x18
 *(SORT_NONE(.fini))
 .fini          0x00000000000061b8        0xc /usr/lib/gcc/aarch64-poky-linux/11.2.0/../../../crti.o
                0x00000000000061b8                _fini
 .fini          0x00000000000061c4        0xc /usr/lib/gcc/aarch64-poky-linux/11.2.0/../../../crtn.o
                [!provide]                        PROVIDE (__etext = .)
                [!provide]                        PROVIDE (_etext = .)
                [!provide]                        PROVIDE (etext = .)

.rodata         0x00000000000061d0      0xcc1
 *(.rodata .rodata.* .gnu.linkonce.r.*)
 .rodata.cst4   0x00000000000061d0        0x4 /usr/lib/gcc/aarch64-poky-linux/11.2.0/../../../Scrt1.o
                0x00000000000061d0                _IO_stdin_used
 *fill*         0x00000000000061d4        0x4 
 .rodata        0x00000000000061d8      0x485 /tmp/cc93nRJI.o
 *fill*         0x000000000000665d        0x3 
 .rodata        0x0000000000006660      0x2cf /home/root/sandbox/smi_trigger/libs//libsmi.a(rpi_smi_j.o)
 *fill*         0x000000000000692f        0x1 
 .rodata        0x0000000000006930      0x196 /home/root/sandbox/smi_trigger/libs//libsmi.a(rpi_mem_j.o)
 *fill*         0x0000000000006ac6        0x2 
 .rodata        0x0000000000006ac8      0x3c9 /home/root/sandbox/smi_trigger/libs//libutildbg.a(utildbg.o)

.rodata1
 *(.rodata1)

.eh_frame_hdr   0x0000000000006e94      0x23c
 *(.eh_frame_hdr)
 .eh_frame_hdr  0x0000000000006e94      0x23c /usr/lib/gcc/aarch64-poky-linux/11.2.0/../../../Scrt1.o
                0x0000000000006e94                __GNU_EH_FRAME_HDR
 *(.eh_frame_entry .eh_frame_entry.*)

.eh_frame       0x00000000000070d0      0x8c8
 *(.eh_frame)
 .eh_frame      0x00000000000070d0       0x28 /usr/lib/gcc/aarch64-poky-linux/11.2.0/../../../Scrt1.o
 .eh_frame      0x00000000000070f8       0x68 /usr/lib/gcc/aarch64-poky-linux/11.2.0/../../../aarch64-poky-linux/11.2.0/crtbeginS.o
                                         0x78 (size before relaxing)
 .eh_frame      0x0000000000007160       0x70 /tmp/cc93nRJI.o
                                         0x80 (size before relaxing)
 .eh_frame      0x00000000000071d0      0x410 /home/root/sandbox/smi_trigger/libs//libsmi.a(rpi_smi_j.o)
                                        0x420 (size before relaxing)
 .eh_frame      0x00000000000075e0      0x148 /home/root/sandbox/smi_trigger/libs//libsmi.a(rpi_mem_j.o)
                                        0x158 (size before relaxing)
 .eh_frame      0x0000000000007728      0x26c /home/root/sandbox/smi_trigger/libs//libutildbg.a(utildbg.o)
                                        0x280 (size before relaxing)
 .eh_frame      0x0000000000007994        0x4 /usr/lib/gcc/aarch64-poky-linux/11.2.0/../../../aarch64-poky-linux/11.2.0/crtendS.o
 *(.eh_frame.*)

.gcc_except_table
 *(.gcc_except_table .gcc_except_table.*)

.gnu_extab
 *(.gnu_extab*)

.exception_ranges
 *(.exception_ranges*)
                0x0000000000017d78                . = DATA_SEGMENT_ALIGN (CONSTANT (MAXPAGESIZE), CONSTANT (COMMONPAGESIZE))

.eh_frame
 *(.eh_frame)
 *(.eh_frame.*)

.gnu_extab
 *(.gnu_extab)

.gcc_except_table
 *(.gcc_except_table .gcc_except_table.*)

.exception_ranges
 *(.exception_ranges*)

.tdata          0x0000000000017d78        0x0
                [!provide]                        PROVIDE (__tdata_start = .)
 *(.tdata .tdata.* .gnu.linkonce.td.*)

.tbss
 *(.tbss .tbss.* .gnu.linkonce.tb.*)
 *(.tcommon)

.preinit_array  0x0000000000017d78        0x0
                [!provide]                        PROVIDE (__preinit_array_start = .)
 *(.preinit_array)
                [!provide]                        PROVIDE (__preinit_array_end = .)

.init_array     0x0000000000017d78        0x8
                [!provide]                        PROVIDE (__init_array_start = .)
 *(SORT_BY_INIT_PRIORITY(.init_array.*) SORT_BY_INIT_PRIORITY(.ctors.*))
 *(.init_array EXCLUDE_FILE(*crtend?.o *crtend.o *crtbegin?.o *crtbegin.o) .ctors)
 .init_array    0x0000000000017d78        0x8 /usr/lib/gcc/aarch64-poky-linux/11.2.0/../../../aarch64-poky-linux/11.2.0/crtbeginS.o
                [!provide]                        PROVIDE (__init_array_end = .)

.fini_array     0x0000000000017d80        0x8
                [!provide]                        PROVIDE (__fini_array_start = .)
 *(SORT_BY_INIT_PRIORITY(.fini_array.*) SORT_BY_INIT_PRIORITY(.dtors.*))
 *(.fini_array EXCLUDE_FILE(*crtend?.o *crtend.o *crtbegin?.o *crtbegin.o) .dtors)
 .fini_array    0x0000000000017d80        0x8 /usr/lib/gcc/aarch64-poky-linux/11.2.0/../../../aarch64-poky-linux/11.2.0/crtbeginS.o
                [!provide]                        PROVIDE (__fini_array_end = .)

.ctors
 *crtbegin.o(.ctors)
 *crtbegin?.o(.ctors)
 *(EXCLUDE_FILE(*crtend?.o *crtend.o) .ctors)
 *(SORT_BY_NAME(.ctors.*))
 *(.ctors)

.dtors
 *crtbegin.o(.dtors)
 *crtbegin?.o(.dtors)
 *(EXCLUDE_FILE(*crtend?.o *crtend.o) .dtors)
 *(SORT_BY_NAME(.dtors.*))
 *(.dtors)

.jcr
 *(.jcr)

.data.rel.ro    0x0000000000017d88        0x0
 *(.data.rel.ro.local* .gnu.linkonce.d.rel.ro.local.*)
 *(.data.rel.ro .data.rel.ro.* .gnu.linkonce.d.rel.ro.*)
 .data.rel.ro   0x0000000000017d88        0x0 /usr/lib/gcc/aarch64-poky-linux/11.2.0/../../../Scrt1.o

.dynamic        0x0000000000017d88      0x220
 *(.dynamic)
 .dynamic       0x0000000000017d88      0x220 /usr/lib/gcc/aarch64-poky-linux/11.2.0/../../../Scrt1.o
                0x0000000000017d88                _DYNAMIC

.got            0x0000000000017fa8       0x40
 *(.got)
 .got           0x0000000000017fa8       0x40 /usr/lib/gcc/aarch64-poky-linux/11.2.0/../../../Scrt1.o
                0x0000000000017fa8                _GLOBAL_OFFSET_TABLE_
 *(.igot)
                0x0000000000017fe8                . = DATA_SEGMENT_RELRO_END (., 0x18)

.got.plt        0x0000000000017fe8      0x1a0
 *(.got.plt)
 .got.plt       0x0000000000017fe8      0x1a0 /usr/lib/gcc/aarch64-poky-linux/11.2.0/../../../Scrt1.o
 *(.igot.plt)

.data           0x0000000000018188       0xc8
                [!provide]                        PROVIDE (__data_start = .)
 *(.data .data.* .gnu.linkonce.d.*)
 .data          0x0000000000018188        0x4 /usr/lib/gcc/aarch64-poky-linux/11.2.0/../../../Scrt1.o
                0x0000000000018188                data_start
                0x0000000000018188                __data_start
 .data          0x000000000001818c        0x0 /usr/lib/gcc/aarch64-poky-linux/11.2.0/../../../crti.o
 .data          0x000000000001818c        0x0 /usr/lib/gcc/aarch64-poky-linux/11.2.0/../../../aarch64-poky-linux/11.2.0/crtbeginS.o
 *fill*         0x000000000001818c        0x4 
 .data.rel.local
                0x0000000000018190        0x8 /usr/lib/gcc/aarch64-poky-linux/11.2.0/../../../aarch64-poky-linux/11.2.0/crtbeginS.o
                0x0000000000018190                __dso_handle
 .data          0x0000000000018198        0x0 /tmp/cc93nRJI.o
 .data          0x0000000000018198       0x58 /home/root/sandbox/smi_trigger/libs//libsmi.a(rpi_smi_j.o)
                0x0000000000018198                chan_ledcount
                0x000000000001819c                i_icled_bits_per_pixel
                0x00000000000181a0                i_icled_smi_timing_type
                0x00000000000181a8                on_rgbs
                0x00000000000181e8                i_cg_signal_bytes
                0x00000000000181ec                i_reset_signal_bytes
 .data          0x00000000000181f0        0x0 /home/root/sandbox/smi_trigger/libs//libsmi.a(rpi_mem_j.o)
 .data          0x00000000000181f0        0x0 /home/root/sandbox/smi_trigger/libs//libutildbg.a(utildbg.o)
 .data.rel.local
                0x00000000000181f0       0x60 /home/root/sandbox/smi_trigger/libs//libutildbg.a(utildbg.o)
 .data          0x0000000000018250        0x0 /usr/lib/gcc/aarch64-poky-linux/11.2.0/../../../aarch64-poky-linux/11.2.0/crtendS.o
 .data          0x0000000000018250        0x0 /usr/lib/gcc/aarch64-poky-linux/11.2.0/../../../crtn.o

.tm_clone_table
                0x0000000000018250        0x0
 .tm_clone_table
                0x0000000000018250        0x0 /usr/lib/gcc/aarch64-poky-linux/11.2.0/../../../aarch64-poky-linux/11.2.0/crtbeginS.o
 .tm_clone_table
                0x0000000000018250        0x0 /usr/lib/gcc/aarch64-poky-linux/11.2.0/../../../aarch64-poky-linux/11.2.0/crtendS.o

.data1
 *(.data1)
                0x0000000000018250                _edata = .
                [!provide]                        PROVIDE (edata = .)
                0x0000000000018250                . = .
                0x0000000000018250                __bss_start = .
                0x0000000000018250                __bss_start__ = .

.bss            0x0000000000018250    0xc8768
 *(.dynbss)
 .dynbss        0x0000000000018250        0x0 /usr/lib/gcc/aarch64-poky-linux/11.2.0/../../../Scrt1.o
 *(.bss .bss.* .gnu.linkonce.b.*)
 .bss           0x0000000000018250        0x0 /usr/lib/gcc/aarch64-poky-linux/11.2.0/../../../Scrt1.o
 .bss           0x0000000000018250        0x0 /usr/lib/gcc/aarch64-poky-linux/11.2.0/../../../crti.o
 .bss           0x0000000000018250        0x1 /usr/lib/gcc/aarch64-poky-linux/11.2.0/../../../aarch64-poky-linux/11.2.0/crtbeginS.o
 *fill*         0x0000000000018251        0x7 
 .bss           0x0000000000018258    0x2ee00 /tmp/cc93nRJI.o
                0x0000000000018258                ul_rgb_data
                0x0000000000037658                ui_rgb_data
 .bss           0x0000000000047058    0x987fc /home/root/sandbox/smi_trigger/libs//libsmi.a(rpi_smi_j.o)
                0x0000000000047058                test_rgb_data
                0x0000000000056a58                test_ul_rgb_data
                0x0000000000075e58                off_rgbs
                0x0000000000075e98                gpio_regs
                0x0000000000075ec8                dma_regs
                0x0000000000075ef8                clk_regs
                0x0000000000075f28                pwm_regs
                0x0000000000075f58                smi_regs
                0x0000000000075f88                kclk_regs
                0x0000000000075fb8                vc_mem
                0x0000000000075fe8                smi_cs
                0x0000000000075ff0                smi_l
                0x0000000000075ff8                smi_a
                0x0000000000076000                smi_d
                0x0000000000076008                smi_dmc
                0x0000000000076010                smi_dsr
                0x0000000000076018                smi_dsw
                0x0000000000076020                smi_dcs
                0x0000000000076028                smi_dca
                0x0000000000076030                smi_dcd
                0x0000000000076038                txdata
                0x0000000000076040                tx_buf_w_index
                0x0000000000076044                tx_buf_r_index
                0x0000000000076048                tx_buffer_24bit
                0x00000000000992d8                tx_buffer_48bit
                0x00000000000df7e8                smi_start
                0x00000000000df7f0                smi_lock
                0x00000000000df820                mem_lock
                0x00000000000df850                smi_quit
 .bss           0x00000000000df854        0x0 /home/root/sandbox/smi_trigger/libs//libsmi.a(rpi_mem_j.o)
 *fill*         0x00000000000df854        0x4 
 .bss           0x00000000000df858     0x1160 /home/root/sandbox/smi_trigger/libs//libutildbg.a(utildbg.o)
                0x00000000000df858                ignore_tag
                0x00000000000e0058                show_tag
 .bss           0x00000000000e09b8        0x0 /usr/lib/gcc/aarch64-poky-linux/11.2.0/../../../aarch64-poky-linux/11.2.0/crtendS.o
 .bss           0x00000000000e09b8        0x0 /usr/lib/gcc/aarch64-poky-linux/11.2.0/../../../crtn.o
 *(COMMON)
                0x00000000000e09b8                . = ALIGN ((. != 0x0)?0x8:0x1)
                0x00000000000e09b8                _bss_end__ = .
                0x00000000000e09b8                __bss_end__ = .
                0x00000000000e09b8                . = ALIGN (0x8)
                0x00000000000e09b8                . = SEGMENT_START ("ldata-segment", .)
                0x00000000000e09b8                . = ALIGN (0x8)
                0x00000000000e09b8                __end__ = .
                0x00000000000e09b8                _end = .
                [!provide]                        PROVIDE (end = .)
                0x00000000000e09b8                . = DATA_SEGMENT_END (.)

.stab
 *(.stab)

.stabstr
 *(.stabstr)

.stab.excl
 *(.stab.excl)

.stab.exclstr
 *(.stab.exclstr)

.stab.index
 *(.stab.index)

.stab.indexstr
 *(.stab.indexstr)

.comment        0x0000000000000000       0x12
 *(.comment)
 .comment       0x0000000000000000       0x12 /usr/lib/gcc/aarch64-poky-linux/11.2.0/../../../Scrt1.o
                                         0x26 (size before relaxing)
 .comment       0x0000000000000012       0x13 /usr/lib/gcc/aarch64-poky-linux/11.2.0/../../../aarch64-poky-linux/11.2.0/crtbeginS.o
 .comment       0x0000000000000012       0x13 /tmp/cc93nRJI.o
 .comment       0x0000000000000012       0x13 /home/root/sandbox/smi_trigger/libs//libsmi.a(rpi_smi_j.o)
 .comment       0x0000000000000012       0x13 /home/root/sandbox/smi_trigger/libs//libsmi.a(rpi_mem_j.o)
 .comment       0x0000000000000012       0x13 /home/root/sandbox/smi_trigger/libs//libutildbg.a(utildbg.o)
 .comment       0x0000000000000012       0x13 /usr/lib/gcc/aarch64-poky-linux/11.2.0/../../../aarch64-poky-linux/11.2.0/crtendS.o

.gnu.build.attributes
 *(.gnu.build.attributes .gnu.build.attributes.*)

.debug
 *(.debug)

.line
 *(.line)

.debug_srcinfo
 *(.debug_srcinfo)

.debug_sfnames
 *(.debug_sfnames)

.debug_aranges  0x0000000000000000      0x100
 *(.debug_aranges)
 .debug_aranges
                0x0000000000000000       0x70 /usr/lib/gcc/aarch64-poky-linux/11.2.0/../../../Scrt1.o
 .debug_aranges
                0x0000000000000070       0x50 /usr/lib/gcc/aarch64-poky-linux/11.2.0/../../../crti.o
 .debug_aranges
                0x00000000000000c0       0x40 /usr/lib/gcc/aarch64-poky-linux/11.2.0/../../../crtn.o

.debug_pubnames
 *(.debug_pubnames)

.debug_info     0x0000000000000000      0x585
 *(.debug_info .gnu.linkonce.wi.*)
 .debug_info    0x0000000000000000      0x53f /usr/lib/gcc/aarch64-poky-linux/11.2.0/../../../Scrt1.o
 .debug_info    0x000000000000053f       0x23 /usr/lib/gcc/aarch64-poky-linux/11.2.0/../../../crti.o
 .debug_info    0x0000000000000562       0x23 /usr/lib/gcc/aarch64-poky-linux/11.2.0/../../../crtn.o

.debug_abbrev   0x0000000000000000      0x198
 *(.debug_abbrev)
 .debug_abbrev  0x0000000000000000      0x174 /usr/lib/gcc/aarch64-poky-linux/11.2.0/../../../Scrt1.o
 .debug_abbrev  0x0000000000000174       0x12 /usr/lib/gcc/aarch64-poky-linux/11.2.0/../../../crti.o
 .debug_abbrev  0x0000000000000186       0x12 /usr/lib/gcc/aarch64-poky-linux/11.2.0/../../../crtn.o

.debug_line     0x0000000000000000      0x1e9
 *(.debug_line .debug_line.* .debug_line_end)
 .debug_line    0x0000000000000000      0x107 /usr/lib/gcc/aarch64-poky-linux/11.2.0/../../../Scrt1.o
 .debug_line    0x0000000000000107       0x7e /usr/lib/gcc/aarch64-poky-linux/11.2.0/../../../crti.o
 .debug_line    0x0000000000000185       0x64 /usr/lib/gcc/aarch64-poky-linux/11.2.0/../../../crtn.o

.debug_frame
 *(.debug_frame)

.debug_str      0x0000000000000000      0x46b
 *(.debug_str)
 .debug_str     0x0000000000000000      0x437 /usr/lib/gcc/aarch64-poky-linux/11.2.0/../../../Scrt1.o
                                        0x5ab (size before relaxing)
 .debug_str     0x0000000000000437       0x1a /usr/lib/gcc/aarch64-poky-linux/11.2.0/../../../crti.o
                                         0x4b (size before relaxing)
 .debug_str     0x0000000000000451       0x1a /usr/lib/gcc/aarch64-poky-linux/11.2.0/../../../crtn.o
                                         0x4b (size before relaxing)

.debug_loc
 *(.debug_loc)

.debug_macinfo
 *(.debug_macinfo)

.debug_weaknames
 *(.debug_weaknames)

.debug_funcnames
 *(.debug_funcnames)

.debug_typenames
 *(.debug_typenames)

.debug_varnames
 *(.debug_varnames)

.debug_pubtypes
 *(.debug_pubtypes)

.debug_ranges
 *(.debug_ranges)

.debug_addr
 *(.debug_addr)

.debug_line_str
                0x0000000000000000      0x10b
 *(.debug_line_str)
 .debug_line_str
                0x0000000000000000       0xfd /usr/lib/gcc/aarch64-poky-linux/11.2.0/../../../Scrt1.o
                                        0x1bd (size before relaxing)
 .debug_line_str
                0x00000000000000fd        0x7 /usr/lib/gcc/aarch64-poky-linux/11.2.0/../../../crti.o
                                         0x46 (size before relaxing)
 .debug_line_str
                0x0000000000000104        0x7 /usr/lib/gcc/aarch64-poky-linux/11.2.0/../../../crtn.o
                                         0x46 (size before relaxing)

.debug_loclists
 *(.debug_loclists)

.debug_macro
 *(.debug_macro)

.debug_names
 *(.debug_names)

.debug_rnglists
                0x0000000000000000       0x4c
 *(.debug_rnglists)
 .debug_rnglists
                0x0000000000000000       0x2b /usr/lib/gcc/aarch64-poky-linux/11.2.0/../../../crti.o
 .debug_rnglists
                0x000000000000002b       0x21 /usr/lib/gcc/aarch64-poky-linux/11.2.0/../../../crtn.o

.debug_str_offsets
 *(.debug_str_offsets)

.debug_sup
 *(.debug_sup)

.ARM.attributes
 *(.ARM.attributes)
 *(.gnu.attributes)

.note.gnu.arm.ident
 *(.note.gnu.arm.ident)

/DISCARD/
 *(.note.GNU-stack)
 *(.gnu_debuglink)
 *(.gnu.lto_*)
OUTPUT(../prog/smi_trigger elf64-littleaarch64)
LOAD linker stubs
